| test.kt:12:21:12:30 | ... | 0 | test.kt:12:21:12:22 | 10 |
| test.kt:12:21:12:30 | ... | 1 | test.kt:12:25:12:26 | 11 |
| test.kt:12:21:12:30 | ... | 2 | test.kt:12:29:12:30 | 12 |
| test.kt:13:24:13:33 | ... | 0 | test.kt:13:24:13:25 | 20 |
| test.kt:13:24:13:33 | ... | 1 | test.kt:13:28:13:29 | 21 |
| test.kt:13:24:13:33 | ... | 2 | test.kt:13:32:13:33 | 22 |
| test.kt:14:40:14:49 | ... | 0 | test.kt:14:40:14:41 | 30 |
| test.kt:14:40:14:49 | ... | 1 | test.kt:14:44:14:45 | 31 |
| test.kt:14:40:14:49 | ... | 2 | test.kt:14:48:14:49 | 32 |
| test.kt:15:33:15:42 | ... | 0 | test.kt:15:33:15:34 | 41 |
| test.kt:15:33:15:42 | ... | 1 | test.kt:15:37:15:38 | 42 |
| test.kt:15:33:15:42 | ... | 2 | test.kt:15:41:15:42 | 43 |
