| file1.kt:0:0:0:0 | Any |
| file1.kt:2:1:2:16 | Class1 |
| file2.kt:0:0:0:0 | Any |
| file2.kt:2:1:2:16 | Class2 |
| file3.kt:0:0:0:0 | Any |
| file3.kt:0:0:0:0 | MyJvmName |
| file3.kt:0:0:0:0 | Unit |
| file3.kt:3:1:3:16 | Class3 |
