[VALUE_NOT_IN_TYPE] predicate typeArgs(@reftype argumentid, int pos, @typeorcallable parentid): Value 12 of field argumentid is not in type @reftype. The value is however in the following types: @primitive. Appears in tuple (12,0,135)
	Relevant element: argumentid=12
		Full ID for 12: @"type;int"
	Relevant element: parentid=135
		Full ID for 135: @"class;foo.bar.C1;(12);(12)". The ID may expand to @"class;foo.bar.C1;{@"type;int"};{@"type;int"}"
[VALUE_NOT_IN_TYPE] predicate typeArgs(@reftype argumentid, int pos, @typeorcallable parentid): Value 12 of field argumentid is not in type @reftype. The value is however in the following types: @primitive. Appears in tuple (12,0,206)
	Relevant element: argumentid=12
		Full ID for 12: @"type;int"
	Relevant element: parentid=206
		Full ID for 206: @"class;foo.bar.C0;(12)". The ID may expand to @"class;foo.bar.C0;{@"type;int"}"
[VALUE_NOT_IN_TYPE] predicate typeArgs(@reftype argumentid, int pos, @typeorcallable parentid): Value 12 of field argumentid is not in type @reftype. The value is however in the following types: @primitive. Appears in tuple (12,1,135)
	Relevant element: argumentid=12
		Full ID for 12: @"type;int"
	Relevant element: parentid=135
		Full ID for 135: @"class;foo.bar.C1;(12);(12)". The ID may expand to @"class;foo.bar.C1;{@"type;int"};{@"type;int"}"
[VALUE_NOT_IN_TYPE] predicate typeArgs(@reftype argumentid, int pos, @typeorcallable parentid): Value 12 of field argumentid is not in type @reftype. The value is however in the following types: @primitive. Appears in tuple (12,1,163)
	Relevant element: argumentid=12
		Full ID for 12: @"type;int"
	Relevant element: parentid=163
		Full ID for 163: @"class;foo.bar.C1;(14);(12)". The ID may expand to @"class;foo.bar.C1;{@"type;string"};{@"type;int"}"
[VALUE_NOT_IN_TYPE] predicate typeArgs(@reftype argumentid, int pos, @typeorcallable parentid): Value 14 of field argumentid is not in type @reftype. The value is however in the following types: @primitive. Appears in tuple (14,0,152)
	Relevant element: argumentid=14
		Full ID for 14: @"type;string"
	Relevant element: parentid=152
		Full ID for 152: @"class;foo.bar.C1;(14);(14)". The ID may expand to @"class;foo.bar.C1;{@"type;string"};{@"type;string"}"
[VALUE_NOT_IN_TYPE] predicate typeArgs(@reftype argumentid, int pos, @typeorcallable parentid): Value 14 of field argumentid is not in type @reftype. The value is however in the following types: @primitive. Appears in tuple (14,0,163)
	Relevant element: argumentid=14
		Full ID for 14: @"type;string"
	Relevant element: parentid=163
		Full ID for 163: @"class;foo.bar.C1;(14);(12)". The ID may expand to @"class;foo.bar.C1;{@"type;string"};{@"type;int"}"
[VALUE_NOT_IN_TYPE] predicate typeArgs(@reftype argumentid, int pos, @typeorcallable parentid): More errors, not displayed. There are 7 values of field argumentid that are not in type @reftype for a relation of size 12
