| stmts.kt:2:41:8:1 | { ... } |
| stmts.kt:3:8:3:12 | if (...) |
| stmts.kt:4:15:4:19 | if (...) |
| stmts.kt:7:5:7:16 | return ... |
