| Test.kt:1:1:100:1 | { ... } | Test.kt:1:1:100:1 | <obinit> |
| Test.kt:2:43:79:2 | { ... } | Test.kt:3:9:3:18 | var ...; |
| Test.kt:3:9:3:18 | var ...; | Test.kt:3:17:3:18 | px |
| Test.kt:4:9:4:18 | var ...; | Test.kt:4:17:4:18 | pw |
| Test.kt:5:9:5:18 | var ...; | Test.kt:5:17:5:18 | pz |
| Test.kt:7:3:7:12 | var ...; | Test.kt:7:3:7:12 | j |
| Test.kt:8:3:8:18 | var ...; | Test.kt:8:17:8:18 | 50 |
| Test.kt:11:3:16:3 | <Expr>; | Test.kt:11:3:16:3 | when ... |
| Test.kt:11:14:14:3 | { ... } | Test.kt:12:4:12:4 | <Expr>; |
| Test.kt:12:4:12:4 | <Expr>; | Test.kt:12:8:12:9 | 20 |
| Test.kt:13:4:13:4 | <Expr>; | Test.kt:13:8:13:9 | 10 |
| Test.kt:14:10:16:3 | { ... } | Test.kt:15:4:15:4 | <Expr>; |
| Test.kt:15:4:15:4 | <Expr>; | Test.kt:15:8:15:9 | 30 |
| Test.kt:18:3:18:3 | <Expr>; | Test.kt:18:12:18:12 | y |
| Test.kt:21:3:24:11 | <Expr>; | Test.kt:21:3:24:11 | when ... |
| Test.kt:22:4:22:4 | <Expr>; | Test.kt:22:8:22:9 | 40 |
| Test.kt:27:3:27:3 | <Expr>; | Test.kt:27:7:27:8 | 10 |
| Test.kt:30:3:33:3 | <Expr>; | Test.kt:30:3:33:3 | when ... |
| Test.kt:30:15:33:3 | { ... } | Test.kt:31:4:31:4 | <Expr>; |
| Test.kt:31:4:31:4 | <Expr>; | Test.kt:31:8:31:9 | 60 |
| Test.kt:32:4:32:4 | <Expr>; | Test.kt:32:8:32:9 | 10 |
| Test.kt:35:3:35:3 | <Expr>; | Test.kt:35:3:35:3 | z |
| Test.kt:38:3:41:3 | while (...) | Test.kt:38:10:38:10 | x |
| Test.kt:38:17:41:3 | { ... } | Test.kt:39:4:39:4 | <Expr>; |
| Test.kt:39:4:39:4 | <Expr>; | Test.kt:39:8:39:9 | 10 |
| Test.kt:40:4:40:6 | <Expr>; | Test.kt:40:4:40:6 | (...)... |
| Test.kt:43:3:43:3 | <Expr>; | Test.kt:43:3:43:3 | z |
| Test.kt:73:3:73:3 | <Expr>; | Test.kt:73:3:73:3 | z |
| Test.kt:77:3:77:3 | <Expr>; | Test.kt:77:7:77:8 | 40 |
| Test.kt:78:3:78:10 | return ... | Test.kt:2:2:79:2 | test |
| Test.kt:81:25:98:2 | { ... } | Test.kt:83:3:83:12 | var ...; |
| Test.kt:83:3:83:12 | var ...; | Test.kt:83:3:83:12 | b |
| Test.kt:84:3:84:12 | var ...; | Test.kt:84:3:84:12 | c |
| Test.kt:85:3:85:3 | <Expr>; | Test.kt:85:7:85:7 | 0 |
| Test.kt:86:3:96:3 | while (...) | Test.kt:86:9:86:12 | true |
| Test.kt:86:15:96:3 | { ... } | Test.kt:87:4:87:4 | <Expr>; |
| Test.kt:87:4:87:4 | <Expr>; | Test.kt:87:8:87:9 | 10 |
| Test.kt:88:4:91:4 | <Expr>; | Test.kt:88:4:91:4 | when ... |
| Test.kt:88:17:91:4 | { ... } | Test.kt:89:5:89:5 | <Expr>; |
| Test.kt:89:5:89:5 | <Expr>; | Test.kt:89:9:89:10 | 10 |
| Test.kt:90:5:90:5 | <Expr>; | Test.kt:90:9:90:9 | c |
| Test.kt:92:4:93:9 | <Expr>; | Test.kt:92:4:93:9 | when ... |
| Test.kt:94:4:95:12 | <Expr>; | Test.kt:94:4:95:12 | when ... |
| Test.kt:97:3:97:10 | return ... | Test.kt:81:2:98:2 | test2 |
