| A.java:4:19:4:29 | someFun(...) | OC$C.class:0:0:0:0 | someFun |
