initBlocks
| classes.kt:2:1:2:18 | <obinit> |
| classes.kt:4:1:6:1 | <obinit> |
| classes.kt:8:1:10:1 | <obinit> |
| classes.kt:12:1:15:1 | <obinit> |
| classes.kt:17:1:18:1 | <obinit> |
| classes.kt:20:1:22:1 | <obinit> |
| classes.kt:24:1:26:1 | <obinit> |
| classes.kt:28:1:30:1 | <obinit> |
| classes.kt:34:1:47:1 | <obinit> |
| classes.kt:49:1:51:1 | <obinit> |
| classes.kt:53:1:57:1 | <obinit> |
initCall
| classes.kt:2:1:2:18 | <obinit>(...) |
| classes.kt:4:1:6:1 | <obinit>(...) |
| classes.kt:8:1:10:1 | <obinit>(...) |
| classes.kt:12:1:15:1 | <obinit>(...) |
| classes.kt:17:1:18:1 | <obinit>(...) |
| classes.kt:28:1:30:1 | <obinit>(...) |
| classes.kt:35:5:37:5 | <obinit>(...) |
| classes.kt:49:1:51:1 | <obinit>(...) |
| classes.kt:53:1:57:1 | <obinit>(...) |
initExpressions
| classes.kt:4:17:4:28 | ...=... | 0 |
| classes.kt:5:5:5:18 | ...=... | 1 |
| classes.kt:39:9:39:18 | f(...) | 0 |
| classes.kt:42:5:42:18 | ...=... | 1 |
| classes.kt:45:9:45:18 | f(...) | 2 |
| classes.kt:53:18:53:29 | ...=... | 0 |
