| classes.kt:20:1:22:1 | IF1 |
| classes.kt:24:1:26:1 | IF2 |
