| classes.kt:0:0:0:0 | Unit | classes.kt:0:0:0:0 | Any |
| classes.kt:2:1:2:18 | ClassOne | classes.kt:0:0:0:0 | Any |
| classes.kt:4:1:6:1 | ClassTwo | classes.kt:0:0:0:0 | Any |
| classes.kt:8:1:10:1 | ClassThree | classes.kt:0:0:0:0 | Any |
| classes.kt:12:1:15:1 | ClassFour | classes.kt:8:1:10:1 | ClassThree |
| classes.kt:17:1:18:1 | ClassFive | classes.kt:12:1:15:1 | ClassFour |
| classes.kt:28:1:29:1 | ClassSix | classes.kt:12:1:15:1 | ClassFour |
| classes.kt:28:1:29:1 | ClassSix | classes.kt:20:1:22:1 | IF1 |
| classes.kt:28:1:29:1 | ClassSix | classes.kt:24:1:26:1 | IF2 |
