| Trivial.kt:0:0:0:0 | Trivial | CompilationUnit |
| Trivial.kt:0:0:0:0 | TrivialKt | Class |
| Trivial.kt:1:1:1:16 | <Expr>; | ExprStmt |
| Trivial.kt:1:1:1:16 | <obinit> | Method |
| Trivial.kt:1:1:1:16 | <obinit>(...) | MethodAccess |
| Trivial.kt:1:1:1:16 | Trivial | Class |
| Trivial.kt:1:1:1:16 | Trivial | Constructor |
| Trivial.kt:1:1:1:16 | equals | Method |
| Trivial.kt:1:1:1:16 | hashCode | Method |
| Trivial.kt:1:1:1:16 | other | Parameter |
| Trivial.kt:1:1:1:16 | super(...) | SuperConstructorInvocationStmt |
| Trivial.kt:1:1:1:16 | toString | Method |
| Trivial.kt:1:1:1:16 | { ... } | BlockStmt |
| Trivial.kt:1:1:1:16 | { ... } | BlockStmt |
| file://:0:0:0:0 |  | Package |
