| Test.kt:3:1:80:1 | { ... } | 0 | Test.kt:3:1:80:1 | { ... } |
| Test.kt:3:1:80:1 | { ... } | 0 | Test.kt:3:1:80:1 | { ... } |
| Test.kt:3:1:80:1 | { ... } | 1 | Test.kt:3:1:80:1 | <obinit> |
| Test.kt:3:1:80:1 | { ... } | 1 | Test.kt:3:1:80:1 | super(...) |
| Test.kt:3:1:80:1 | { ... } | 2 | Test.kt:3:1:80:1 | <Expr>; |
| Test.kt:3:1:80:1 | { ... } | 3 | Test.kt:3:1:80:1 | <obinit>(...) |
| Test.kt:4:13:79:2 | { ... } | 0 | Test.kt:4:13:79:2 | { ... } |
| Test.kt:4:13:79:2 | { ... } | 1 | Test.kt:5:3:5:16 | var ...; |
| Test.kt:4:13:79:2 | { ... } | 2 | Test.kt:5:16:5:16 | 0 |
| Test.kt:4:13:79:2 | { ... } | 3 | Test.kt:5:3:5:16 | x |
| Test.kt:4:13:79:2 | { ... } | 4 | Test.kt:6:3:6:18 | var ...; |
| Test.kt:4:13:79:2 | { ... } | 5 | Test.kt:6:17:6:18 | 50 |
| Test.kt:4:13:79:2 | { ... } | 6 | Test.kt:6:3:6:18 | y |
| Test.kt:4:13:79:2 | { ... } | 7 | Test.kt:7:3:7:16 | var ...; |
| Test.kt:4:13:79:2 | { ... } | 8 | Test.kt:7:16:7:16 | 0 |
| Test.kt:4:13:79:2 | { ... } | 9 | Test.kt:7:3:7:16 | z |
| Test.kt:4:13:79:2 | { ... } | 10 | Test.kt:8:3:8:16 | var ...; |
| Test.kt:4:13:79:2 | { ... } | 11 | Test.kt:8:16:8:16 | 0 |
| Test.kt:4:13:79:2 | { ... } | 12 | Test.kt:8:3:8:16 | w |
| Test.kt:4:13:79:2 | { ... } | 13 | Test.kt:11:3:16:3 | <Expr>; |
| Test.kt:4:13:79:2 | { ... } | 14 | Test.kt:11:3:16:3 | when ... |
| Test.kt:4:13:79:2 | { ... } | 15 | Test.kt:11:3:16:3 | ... -> ... |
| Test.kt:4:13:79:2 | { ... } | 16 | Test.kt:11:7:11:7 | x |
| Test.kt:4:13:79:2 | { ... } | 17 | Test.kt:11:11:11:11 | 0 |
| Test.kt:4:13:79:2 | { ... } | 18 | Test.kt:11:7:11:11 | ... > ... |
| Test.kt:4:13:79:2 | { ... } | 19 | Test.kt:11:14:14:3 | { ... } |
| Test.kt:4:13:79:2 | { ... } | 20 | Test.kt:12:4:12:4 | <Expr>; |
| Test.kt:4:13:79:2 | { ... } | 21 | Test.kt:12:8:12:9 | 20 |
| Test.kt:4:13:79:2 | { ... } | 22 | Test.kt:12:4:12:4 | ...=... |
| Test.kt:4:13:79:2 | { ... } | 23 | Test.kt:13:4:13:4 | <Expr>; |
| Test.kt:4:13:79:2 | { ... } | 24 | Test.kt:13:8:13:9 | 10 |
| Test.kt:4:13:79:2 | { ... } | 25 | Test.kt:13:4:13:4 | ...=... |
| Test.kt:11:3:16:3 | ... -> ... | 0 | Test.kt:11:3:16:3 | ... -> ... |
| Test.kt:11:3:16:3 | ... -> ... | 1 | Test.kt:11:3:16:3 | true |
| Test.kt:11:3:16:3 | ... -> ... | 2 | Test.kt:14:10:16:3 | { ... } |
| Test.kt:11:3:16:3 | ... -> ... | 3 | Test.kt:15:4:15:4 | <Expr>; |
| Test.kt:11:3:16:3 | ... -> ... | 4 | Test.kt:15:8:15:9 | 30 |
| Test.kt:11:3:16:3 | ... -> ... | 5 | Test.kt:15:4:15:4 | ...=... |
| Test.kt:18:3:18:3 | <Expr>; | 0 | Test.kt:18:3:18:3 | <Expr>; |
| Test.kt:18:3:18:3 | <Expr>; | 1 | Test.kt:18:7:18:7 | 0 |
| Test.kt:18:3:18:3 | <Expr>; | 2 | Test.kt:18:3:18:3 | ...=... |
| Test.kt:18:3:18:3 | <Expr>; | 3 | Test.kt:21:3:24:9 | <Expr>; |
| Test.kt:18:3:18:3 | <Expr>; | 4 | Test.kt:21:3:24:9 | when ... |
| Test.kt:18:3:18:3 | <Expr>; | 5 | Test.kt:21:3:24:9 | ... -> ... |
| Test.kt:18:3:18:3 | <Expr>; | 6 | Test.kt:21:6:21:6 | x |
| Test.kt:18:3:18:3 | <Expr>; | 7 | Test.kt:21:10:21:10 | 0 |
| Test.kt:18:3:18:3 | <Expr>; | 8 | Test.kt:21:6:21:10 | ... < ... |
| Test.kt:18:3:18:3 | <Expr>; | 9 | Test.kt:22:4:22:4 | <Expr>; |
| Test.kt:18:3:18:3 | <Expr>; | 10 | Test.kt:22:8:22:9 | 40 |
| Test.kt:18:3:18:3 | <Expr>; | 11 | Test.kt:22:4:22:4 | ...=... |
| Test.kt:18:3:18:3 | <Expr>; | 12 | Test.kt:27:3:27:3 | <Expr>; |
| Test.kt:18:3:18:3 | <Expr>; | 13 | Test.kt:27:7:27:8 | 10 |
| Test.kt:18:3:18:3 | <Expr>; | 14 | Test.kt:27:3:27:3 | ...=... |
| Test.kt:18:3:18:3 | <Expr>; | 15 | Test.kt:30:3:33:3 | <Expr>; |
| Test.kt:18:3:18:3 | <Expr>; | 16 | Test.kt:30:3:33:3 | when ... |
| Test.kt:18:3:18:3 | <Expr>; | 17 | Test.kt:30:3:33:3 | ... -> ... |
| Test.kt:18:3:18:3 | <Expr>; | 18 | Test.kt:30:7:30:7 | x |
| Test.kt:18:3:18:3 | <Expr>; | 19 | Test.kt:30:12:30:12 | 0 |
| Test.kt:18:3:18:3 | <Expr>; | 20 | Test.kt:30:7:30:12 | ... == ... |
| Test.kt:21:3:24:9 | ... -> ... | 0 | Test.kt:21:3:24:9 | ... -> ... |
| Test.kt:21:3:24:9 | ... -> ... | 1 | Test.kt:21:3:24:9 | true |
| Test.kt:21:3:24:9 | ... -> ... | 2 | Test.kt:24:4:24:9 | INSTANCE |
| Test.kt:21:3:24:9 | ... -> ... | 3 | Test.kt:24:4:24:9 | return ... |
| Test.kt:30:15:33:3 | { ... } | 0 | Test.kt:30:15:33:3 | { ... } |
| Test.kt:30:15:33:3 | { ... } | 1 | Test.kt:31:4:31:4 | <Expr>; |
| Test.kt:30:15:33:3 | { ... } | 2 | Test.kt:31:8:31:9 | 60 |
| Test.kt:30:15:33:3 | { ... } | 3 | Test.kt:31:4:31:4 | ...=... |
| Test.kt:30:15:33:3 | { ... } | 4 | Test.kt:32:4:32:4 | <Expr>; |
| Test.kt:30:15:33:3 | { ... } | 5 | Test.kt:32:8:32:9 | 10 |
| Test.kt:30:15:33:3 | { ... } | 6 | Test.kt:32:4:32:4 | ...=... |
| Test.kt:35:3:35:3 | <Expr>; | 0 | Test.kt:35:3:35:3 | <Expr>; |
| Test.kt:35:3:35:3 | <Expr>; | 1 | Test.kt:35:7:35:8 | 20 |
| Test.kt:35:3:35:3 | <Expr>; | 2 | Test.kt:35:3:35:3 | ...=... |
| Test.kt:35:3:35:3 | <Expr>; | 3 | Test.kt:38:3:41:3 | while (...) |
| Test.kt:38:9:38:9 | x | 0 | Test.kt:38:9:38:9 | x |
| Test.kt:38:9:38:9 | x | 1 | Test.kt:38:13:38:13 | 0 |
| Test.kt:38:9:38:9 | x | 2 | Test.kt:38:9:38:13 | ... > ... |
| Test.kt:38:16:41:3 | { ... } | 0 | Test.kt:38:16:41:3 | { ... } |
| Test.kt:38:16:41:3 | { ... } | 1 | Test.kt:39:4:39:4 | <Expr>; |
| Test.kt:38:16:41:3 | { ... } | 2 | Test.kt:39:8:39:9 | 10 |
| Test.kt:38:16:41:3 | { ... } | 3 | Test.kt:39:4:39:4 | ...=... |
| Test.kt:38:16:41:3 | { ... } | 4 | Test.kt:40:4:40:6 | <Expr>; |
| Test.kt:38:16:41:3 | { ... } | 5 | Test.kt:40:4:40:6 | <Stmt> |
| Test.kt:38:16:41:3 | { ... } | 6 | Test.kt:40:4:40:6 | { ... } |
| Test.kt:38:16:41:3 | { ... } | 7 | Test.kt:40:4:40:4 | var ...; |
| Test.kt:38:16:41:3 | { ... } | 8 | Test.kt:40:4:40:4 | x |
| Test.kt:38:16:41:3 | { ... } | 9 | Test.kt:40:4:40:4 | tmp0 |
| Test.kt:38:16:41:3 | { ... } | 10 | Test.kt:40:4:40:4 | <Expr>; |
| Test.kt:38:16:41:3 | { ... } | 11 | Test.kt:40:4:40:6 | tmp0 |
| Test.kt:38:16:41:3 | { ... } | 12 | Test.kt:40:4:40:6 | dec(...) |
| Test.kt:38:16:41:3 | { ... } | 13 | Test.kt:40:4:40:4 | ...=... |
| Test.kt:38:16:41:3 | { ... } | 14 | Test.kt:40:4:40:6 | <Expr>; |
| Test.kt:38:16:41:3 | { ... } | 15 | Test.kt:40:4:40:6 | tmp0 |
| Test.kt:38:16:41:3 | { ... } | 16 | Test.kt:40:4:40:6 | (...)... |
| Test.kt:43:3:43:3 | <Expr>; | 0 | Test.kt:43:3:43:3 | <Expr>; |
| Test.kt:43:3:43:3 | <Expr>; | 1 | Test.kt:43:7:43:8 | 30 |
| Test.kt:43:3:43:3 | <Expr>; | 2 | Test.kt:43:3:43:3 | ...=... |
| Test.kt:43:3:43:3 | <Expr>; | 3 | Test.kt:73:3:73:3 | <Expr>; |
| Test.kt:43:3:43:3 | <Expr>; | 4 | Test.kt:73:7:73:8 | 50 |
| Test.kt:43:3:43:3 | <Expr>; | 5 | Test.kt:73:3:73:3 | ...=... |
| Test.kt:43:3:43:3 | <Expr>; | 6 | Test.kt:77:3:77:3 | <Expr>; |
| Test.kt:43:3:43:3 | <Expr>; | 7 | Test.kt:77:7:77:8 | 40 |
| Test.kt:43:3:43:3 | <Expr>; | 8 | Test.kt:77:3:77:3 | ...=... |
| Test.kt:43:3:43:3 | <Expr>; | 9 | Test.kt:78:3:78:8 | INSTANCE |
| Test.kt:43:3:43:3 | <Expr>; | 10 | Test.kt:78:3:78:8 | return ... |
| Test.kt:43:3:43:3 | <Expr>; | 11 | Test.kt:4:2:79:2 | test |
| Test.kt:82:1:89:1 | t1 | 0 | Test.kt:82:1:89:1 | t1 |
| Test.kt:82:21:89:1 | { ... } | 0 | Test.kt:82:21:89:1 | { ... } |
| Test.kt:82:21:89:1 | { ... } | 1 | Test.kt:83:2:88:2 | try ... |
| Test.kt:82:21:89:1 | { ... } | 2 | Test.kt:83:6:86:2 | { ... } |
| Test.kt:82:21:89:1 | { ... } | 3 | Test.kt:84:3:84:18 | var ...; |
| Test.kt:82:21:89:1 | { ... } | 4 | Test.kt:84:11:84:11 | o |
| Test.kt:82:21:89:1 | { ... } | 5 | Test.kt:84:11:84:18 | (...)... |
| Test.kt:84:3:84:18 | x | 0 | Test.kt:84:3:84:18 | x |
| Test.kt:84:3:84:18 | x | 1 | Test.kt:85:10:85:10 | 1 |
| Test.kt:84:3:84:18 | x | 2 | Test.kt:85:3:85:10 | return ... |
| Test.kt:86:4:88:2 | catch (...) | 0 | Test.kt:86:4:88:2 | catch (...) |
| Test.kt:86:4:88:2 | catch (...) | 1 | Test.kt:86:11:86:31 | e |
| Test.kt:86:4:88:2 | catch (...) | 2 | Test.kt:86:34:88:2 | { ... } |
| Test.kt:86:4:88:2 | catch (...) | 3 | Test.kt:87:10:87:10 | 2 |
| Test.kt:86:4:88:2 | catch (...) | 4 | Test.kt:87:3:87:10 | return ... |
| Test.kt:91:1:98:1 | t2 | 0 | Test.kt:91:1:98:1 | t2 |
| Test.kt:91:22:98:1 | { ... } | 0 | Test.kt:91:22:98:1 | { ... } |
| Test.kt:91:22:98:1 | { ... } | 1 | Test.kt:92:2:97:2 | try ... |
| Test.kt:91:22:98:1 | { ... } | 2 | Test.kt:92:6:95:2 | { ... } |
| Test.kt:91:22:98:1 | { ... } | 3 | Test.kt:93:3:93:13 | var ...; |
| Test.kt:91:22:98:1 | { ... } | 4 | Test.kt:93:11:93:11 | o |
| Test.kt:91:22:98:1 | { ... } | 5 | Test.kt:93:12:93:13 | ...!! |
| Test.kt:93:3:93:13 | x | 0 | Test.kt:93:3:93:13 | x |
| Test.kt:93:3:93:13 | x | 1 | Test.kt:94:10:94:10 | 1 |
| Test.kt:93:3:93:13 | x | 2 | Test.kt:94:3:94:10 | return ... |
| Test.kt:95:4:97:2 | catch (...) | 0 | Test.kt:95:4:97:2 | catch (...) |
| Test.kt:95:4:97:2 | catch (...) | 1 | Test.kt:95:11:95:33 | e |
| Test.kt:95:4:97:2 | catch (...) | 2 | Test.kt:95:36:97:2 | { ... } |
| Test.kt:95:4:97:2 | catch (...) | 3 | Test.kt:96:10:96:10 | 2 |
| Test.kt:95:4:97:2 | catch (...) | 4 | Test.kt:96:3:96:10 | return ... |
