| Test.kt:3:1:80:1 | <Expr>; | Test.kt:3:1:80:1 | super(...) |
| Test.kt:3:1:80:1 | <Expr>; | Test.kt:3:1:80:1 | { ... } |
| Test.kt:3:1:80:1 | super(...) | Test.kt:3:1:80:1 | { ... } |
| Test.kt:5:3:5:16 | var ...; | Test.kt:4:13:79:2 | { ... } |
| Test.kt:6:3:6:18 | var ...; | Test.kt:4:13:79:2 | { ... } |
| Test.kt:6:3:6:18 | var ...; | Test.kt:5:3:5:16 | var ...; |
| Test.kt:7:3:7:16 | var ...; | Test.kt:4:13:79:2 | { ... } |
| Test.kt:7:3:7:16 | var ...; | Test.kt:5:3:5:16 | var ...; |
| Test.kt:7:3:7:16 | var ...; | Test.kt:6:3:6:18 | var ...; |
| Test.kt:8:3:8:16 | var ...; | Test.kt:4:13:79:2 | { ... } |
| Test.kt:8:3:8:16 | var ...; | Test.kt:5:3:5:16 | var ...; |
| Test.kt:8:3:8:16 | var ...; | Test.kt:6:3:6:18 | var ...; |
| Test.kt:8:3:8:16 | var ...; | Test.kt:7:3:7:16 | var ...; |
| Test.kt:11:3:16:3 | <Expr>; | Test.kt:4:13:79:2 | { ... } |
| Test.kt:11:3:16:3 | <Expr>; | Test.kt:5:3:5:16 | var ...; |
| Test.kt:11:3:16:3 | <Expr>; | Test.kt:6:3:6:18 | var ...; |
| Test.kt:11:3:16:3 | <Expr>; | Test.kt:7:3:7:16 | var ...; |
| Test.kt:11:3:16:3 | <Expr>; | Test.kt:8:3:8:16 | var ...; |
| Test.kt:11:14:14:3 | { ... } | Test.kt:4:13:79:2 | { ... } |
| Test.kt:11:14:14:3 | { ... } | Test.kt:5:3:5:16 | var ...; |
| Test.kt:11:14:14:3 | { ... } | Test.kt:6:3:6:18 | var ...; |
| Test.kt:11:14:14:3 | { ... } | Test.kt:7:3:7:16 | var ...; |
| Test.kt:11:14:14:3 | { ... } | Test.kt:8:3:8:16 | var ...; |
| Test.kt:11:14:14:3 | { ... } | Test.kt:11:3:16:3 | <Expr>; |
| Test.kt:12:4:12:4 | <Expr>; | Test.kt:4:13:79:2 | { ... } |
| Test.kt:12:4:12:4 | <Expr>; | Test.kt:5:3:5:16 | var ...; |
| Test.kt:12:4:12:4 | <Expr>; | Test.kt:6:3:6:18 | var ...; |
| Test.kt:12:4:12:4 | <Expr>; | Test.kt:7:3:7:16 | var ...; |
| Test.kt:12:4:12:4 | <Expr>; | Test.kt:8:3:8:16 | var ...; |
| Test.kt:12:4:12:4 | <Expr>; | Test.kt:11:3:16:3 | <Expr>; |
| Test.kt:12:4:12:4 | <Expr>; | Test.kt:11:14:14:3 | { ... } |
| Test.kt:13:4:13:4 | <Expr>; | Test.kt:4:13:79:2 | { ... } |
| Test.kt:13:4:13:4 | <Expr>; | Test.kt:5:3:5:16 | var ...; |
| Test.kt:13:4:13:4 | <Expr>; | Test.kt:6:3:6:18 | var ...; |
| Test.kt:13:4:13:4 | <Expr>; | Test.kt:7:3:7:16 | var ...; |
| Test.kt:13:4:13:4 | <Expr>; | Test.kt:8:3:8:16 | var ...; |
| Test.kt:13:4:13:4 | <Expr>; | Test.kt:11:3:16:3 | <Expr>; |
| Test.kt:13:4:13:4 | <Expr>; | Test.kt:11:14:14:3 | { ... } |
| Test.kt:13:4:13:4 | <Expr>; | Test.kt:12:4:12:4 | <Expr>; |
| Test.kt:15:4:15:4 | <Expr>; | Test.kt:14:10:16:3 | { ... } |
| Test.kt:18:3:18:3 | <Expr>; | Test.kt:4:13:79:2 | { ... } |
| Test.kt:18:3:18:3 | <Expr>; | Test.kt:5:3:5:16 | var ...; |
| Test.kt:18:3:18:3 | <Expr>; | Test.kt:6:3:6:18 | var ...; |
| Test.kt:18:3:18:3 | <Expr>; | Test.kt:7:3:7:16 | var ...; |
| Test.kt:18:3:18:3 | <Expr>; | Test.kt:8:3:8:16 | var ...; |
| Test.kt:18:3:18:3 | <Expr>; | Test.kt:11:3:16:3 | <Expr>; |
| Test.kt:18:3:18:3 | <Expr>; | Test.kt:11:14:14:3 | { ... } |
| Test.kt:18:3:18:3 | <Expr>; | Test.kt:12:4:12:4 | <Expr>; |
| Test.kt:18:3:18:3 | <Expr>; | Test.kt:13:4:13:4 | <Expr>; |
| Test.kt:18:3:18:3 | <Expr>; | Test.kt:14:10:16:3 | { ... } |
| Test.kt:18:3:18:3 | <Expr>; | Test.kt:15:4:15:4 | <Expr>; |
| Test.kt:21:3:24:9 | <Expr>; | Test.kt:4:13:79:2 | { ... } |
| Test.kt:21:3:24:9 | <Expr>; | Test.kt:5:3:5:16 | var ...; |
| Test.kt:21:3:24:9 | <Expr>; | Test.kt:6:3:6:18 | var ...; |
| Test.kt:21:3:24:9 | <Expr>; | Test.kt:7:3:7:16 | var ...; |
| Test.kt:21:3:24:9 | <Expr>; | Test.kt:8:3:8:16 | var ...; |
| Test.kt:21:3:24:9 | <Expr>; | Test.kt:11:3:16:3 | <Expr>; |
| Test.kt:21:3:24:9 | <Expr>; | Test.kt:11:14:14:3 | { ... } |
| Test.kt:21:3:24:9 | <Expr>; | Test.kt:12:4:12:4 | <Expr>; |
| Test.kt:21:3:24:9 | <Expr>; | Test.kt:13:4:13:4 | <Expr>; |
| Test.kt:21:3:24:9 | <Expr>; | Test.kt:14:10:16:3 | { ... } |
| Test.kt:21:3:24:9 | <Expr>; | Test.kt:15:4:15:4 | <Expr>; |
| Test.kt:21:3:24:9 | <Expr>; | Test.kt:18:3:18:3 | <Expr>; |
| Test.kt:22:4:22:4 | <Expr>; | Test.kt:4:13:79:2 | { ... } |
| Test.kt:22:4:22:4 | <Expr>; | Test.kt:5:3:5:16 | var ...; |
| Test.kt:22:4:22:4 | <Expr>; | Test.kt:6:3:6:18 | var ...; |
| Test.kt:22:4:22:4 | <Expr>; | Test.kt:7:3:7:16 | var ...; |
| Test.kt:22:4:22:4 | <Expr>; | Test.kt:8:3:8:16 | var ...; |
| Test.kt:22:4:22:4 | <Expr>; | Test.kt:11:3:16:3 | <Expr>; |
| Test.kt:22:4:22:4 | <Expr>; | Test.kt:11:14:14:3 | { ... } |
| Test.kt:22:4:22:4 | <Expr>; | Test.kt:12:4:12:4 | <Expr>; |
| Test.kt:22:4:22:4 | <Expr>; | Test.kt:13:4:13:4 | <Expr>; |
| Test.kt:22:4:22:4 | <Expr>; | Test.kt:14:10:16:3 | { ... } |
| Test.kt:22:4:22:4 | <Expr>; | Test.kt:15:4:15:4 | <Expr>; |
| Test.kt:22:4:22:4 | <Expr>; | Test.kt:18:3:18:3 | <Expr>; |
| Test.kt:22:4:22:4 | <Expr>; | Test.kt:21:3:24:9 | <Expr>; |
| Test.kt:27:3:27:3 | <Expr>; | Test.kt:4:13:79:2 | { ... } |
| Test.kt:27:3:27:3 | <Expr>; | Test.kt:5:3:5:16 | var ...; |
| Test.kt:27:3:27:3 | <Expr>; | Test.kt:6:3:6:18 | var ...; |
| Test.kt:27:3:27:3 | <Expr>; | Test.kt:7:3:7:16 | var ...; |
| Test.kt:27:3:27:3 | <Expr>; | Test.kt:8:3:8:16 | var ...; |
| Test.kt:27:3:27:3 | <Expr>; | Test.kt:11:3:16:3 | <Expr>; |
| Test.kt:27:3:27:3 | <Expr>; | Test.kt:11:14:14:3 | { ... } |
| Test.kt:27:3:27:3 | <Expr>; | Test.kt:12:4:12:4 | <Expr>; |
| Test.kt:27:3:27:3 | <Expr>; | Test.kt:13:4:13:4 | <Expr>; |
| Test.kt:27:3:27:3 | <Expr>; | Test.kt:14:10:16:3 | { ... } |
| Test.kt:27:3:27:3 | <Expr>; | Test.kt:15:4:15:4 | <Expr>; |
| Test.kt:27:3:27:3 | <Expr>; | Test.kt:18:3:18:3 | <Expr>; |
| Test.kt:27:3:27:3 | <Expr>; | Test.kt:21:3:24:9 | <Expr>; |
| Test.kt:27:3:27:3 | <Expr>; | Test.kt:22:4:22:4 | <Expr>; |
| Test.kt:30:3:33:3 | <Expr>; | Test.kt:4:13:79:2 | { ... } |
| Test.kt:30:3:33:3 | <Expr>; | Test.kt:5:3:5:16 | var ...; |
| Test.kt:30:3:33:3 | <Expr>; | Test.kt:6:3:6:18 | var ...; |
| Test.kt:30:3:33:3 | <Expr>; | Test.kt:7:3:7:16 | var ...; |
| Test.kt:30:3:33:3 | <Expr>; | Test.kt:8:3:8:16 | var ...; |
| Test.kt:30:3:33:3 | <Expr>; | Test.kt:11:3:16:3 | <Expr>; |
| Test.kt:30:3:33:3 | <Expr>; | Test.kt:11:14:14:3 | { ... } |
| Test.kt:30:3:33:3 | <Expr>; | Test.kt:12:4:12:4 | <Expr>; |
| Test.kt:30:3:33:3 | <Expr>; | Test.kt:13:4:13:4 | <Expr>; |
| Test.kt:30:3:33:3 | <Expr>; | Test.kt:14:10:16:3 | { ... } |
| Test.kt:30:3:33:3 | <Expr>; | Test.kt:15:4:15:4 | <Expr>; |
| Test.kt:30:3:33:3 | <Expr>; | Test.kt:18:3:18:3 | <Expr>; |
| Test.kt:30:3:33:3 | <Expr>; | Test.kt:21:3:24:9 | <Expr>; |
| Test.kt:30:3:33:3 | <Expr>; | Test.kt:22:4:22:4 | <Expr>; |
| Test.kt:30:3:33:3 | <Expr>; | Test.kt:27:3:27:3 | <Expr>; |
| Test.kt:31:4:31:4 | <Expr>; | Test.kt:30:15:33:3 | { ... } |
| Test.kt:32:4:32:4 | <Expr>; | Test.kt:30:15:33:3 | { ... } |
| Test.kt:32:4:32:4 | <Expr>; | Test.kt:31:4:31:4 | <Expr>; |
| Test.kt:35:3:35:3 | <Expr>; | Test.kt:4:13:79:2 | { ... } |
| Test.kt:35:3:35:3 | <Expr>; | Test.kt:5:3:5:16 | var ...; |
| Test.kt:35:3:35:3 | <Expr>; | Test.kt:6:3:6:18 | var ...; |
| Test.kt:35:3:35:3 | <Expr>; | Test.kt:7:3:7:16 | var ...; |
| Test.kt:35:3:35:3 | <Expr>; | Test.kt:8:3:8:16 | var ...; |
| Test.kt:35:3:35:3 | <Expr>; | Test.kt:11:3:16:3 | <Expr>; |
| Test.kt:35:3:35:3 | <Expr>; | Test.kt:11:14:14:3 | { ... } |
| Test.kt:35:3:35:3 | <Expr>; | Test.kt:12:4:12:4 | <Expr>; |
| Test.kt:35:3:35:3 | <Expr>; | Test.kt:13:4:13:4 | <Expr>; |
| Test.kt:35:3:35:3 | <Expr>; | Test.kt:14:10:16:3 | { ... } |
| Test.kt:35:3:35:3 | <Expr>; | Test.kt:15:4:15:4 | <Expr>; |
| Test.kt:35:3:35:3 | <Expr>; | Test.kt:18:3:18:3 | <Expr>; |
| Test.kt:35:3:35:3 | <Expr>; | Test.kt:21:3:24:9 | <Expr>; |
| Test.kt:35:3:35:3 | <Expr>; | Test.kt:22:4:22:4 | <Expr>; |
| Test.kt:35:3:35:3 | <Expr>; | Test.kt:27:3:27:3 | <Expr>; |
| Test.kt:35:3:35:3 | <Expr>; | Test.kt:30:3:33:3 | <Expr>; |
| Test.kt:35:3:35:3 | <Expr>; | Test.kt:30:15:33:3 | { ... } |
| Test.kt:35:3:35:3 | <Expr>; | Test.kt:31:4:31:4 | <Expr>; |
| Test.kt:35:3:35:3 | <Expr>; | Test.kt:32:4:32:4 | <Expr>; |
| Test.kt:38:3:41:3 | while (...) | Test.kt:4:13:79:2 | { ... } |
| Test.kt:38:3:41:3 | while (...) | Test.kt:5:3:5:16 | var ...; |
| Test.kt:38:3:41:3 | while (...) | Test.kt:6:3:6:18 | var ...; |
| Test.kt:38:3:41:3 | while (...) | Test.kt:7:3:7:16 | var ...; |
| Test.kt:38:3:41:3 | while (...) | Test.kt:8:3:8:16 | var ...; |
| Test.kt:38:3:41:3 | while (...) | Test.kt:11:3:16:3 | <Expr>; |
| Test.kt:38:3:41:3 | while (...) | Test.kt:11:14:14:3 | { ... } |
| Test.kt:38:3:41:3 | while (...) | Test.kt:12:4:12:4 | <Expr>; |
| Test.kt:38:3:41:3 | while (...) | Test.kt:13:4:13:4 | <Expr>; |
| Test.kt:38:3:41:3 | while (...) | Test.kt:14:10:16:3 | { ... } |
| Test.kt:38:3:41:3 | while (...) | Test.kt:15:4:15:4 | <Expr>; |
| Test.kt:38:3:41:3 | while (...) | Test.kt:18:3:18:3 | <Expr>; |
| Test.kt:38:3:41:3 | while (...) | Test.kt:21:3:24:9 | <Expr>; |
| Test.kt:38:3:41:3 | while (...) | Test.kt:22:4:22:4 | <Expr>; |
| Test.kt:38:3:41:3 | while (...) | Test.kt:27:3:27:3 | <Expr>; |
| Test.kt:38:3:41:3 | while (...) | Test.kt:30:3:33:3 | <Expr>; |
| Test.kt:38:3:41:3 | while (...) | Test.kt:30:15:33:3 | { ... } |
| Test.kt:38:3:41:3 | while (...) | Test.kt:31:4:31:4 | <Expr>; |
| Test.kt:38:3:41:3 | while (...) | Test.kt:32:4:32:4 | <Expr>; |
| Test.kt:38:3:41:3 | while (...) | Test.kt:35:3:35:3 | <Expr>; |
| Test.kt:39:4:39:4 | <Expr>; | Test.kt:38:16:41:3 | { ... } |
| Test.kt:40:4:40:4 | <Expr>; | Test.kt:38:16:41:3 | { ... } |
| Test.kt:40:4:40:4 | <Expr>; | Test.kt:39:4:39:4 | <Expr>; |
| Test.kt:40:4:40:4 | <Expr>; | Test.kt:40:4:40:6 | <Expr>; |
| Test.kt:40:4:40:4 | <Expr>; | Test.kt:40:4:40:6 | { ... } |
| Test.kt:40:4:40:4 | <Expr>; | file://:0:0:0:0 | var ...; |
| Test.kt:40:4:40:6 | <Expr>; | Test.kt:38:16:41:3 | { ... } |
| Test.kt:40:4:40:6 | <Expr>; | Test.kt:38:16:41:3 | { ... } |
| Test.kt:40:4:40:6 | <Expr>; | Test.kt:39:4:39:4 | <Expr>; |
| Test.kt:40:4:40:6 | <Expr>; | Test.kt:39:4:39:4 | <Expr>; |
| Test.kt:40:4:40:6 | <Expr>; | Test.kt:40:4:40:4 | <Expr>; |
| Test.kt:40:4:40:6 | <Expr>; | Test.kt:40:4:40:6 | <Expr>; |
| Test.kt:40:4:40:6 | <Expr>; | Test.kt:40:4:40:6 | { ... } |
| Test.kt:40:4:40:6 | <Expr>; | file://:0:0:0:0 | var ...; |
| Test.kt:40:4:40:6 | { ... } | Test.kt:38:16:41:3 | { ... } |
| Test.kt:40:4:40:6 | { ... } | Test.kt:39:4:39:4 | <Expr>; |
| Test.kt:40:4:40:6 | { ... } | Test.kt:40:4:40:6 | <Expr>; |
| Test.kt:43:3:43:3 | <Expr>; | Test.kt:4:13:79:2 | { ... } |
| Test.kt:43:3:43:3 | <Expr>; | Test.kt:5:3:5:16 | var ...; |
| Test.kt:43:3:43:3 | <Expr>; | Test.kt:6:3:6:18 | var ...; |
| Test.kt:43:3:43:3 | <Expr>; | Test.kt:7:3:7:16 | var ...; |
| Test.kt:43:3:43:3 | <Expr>; | Test.kt:8:3:8:16 | var ...; |
| Test.kt:43:3:43:3 | <Expr>; | Test.kt:11:3:16:3 | <Expr>; |
| Test.kt:43:3:43:3 | <Expr>; | Test.kt:11:14:14:3 | { ... } |
| Test.kt:43:3:43:3 | <Expr>; | Test.kt:12:4:12:4 | <Expr>; |
| Test.kt:43:3:43:3 | <Expr>; | Test.kt:13:4:13:4 | <Expr>; |
| Test.kt:43:3:43:3 | <Expr>; | Test.kt:14:10:16:3 | { ... } |
| Test.kt:43:3:43:3 | <Expr>; | Test.kt:15:4:15:4 | <Expr>; |
| Test.kt:43:3:43:3 | <Expr>; | Test.kt:18:3:18:3 | <Expr>; |
| Test.kt:43:3:43:3 | <Expr>; | Test.kt:21:3:24:9 | <Expr>; |
| Test.kt:43:3:43:3 | <Expr>; | Test.kt:22:4:22:4 | <Expr>; |
| Test.kt:43:3:43:3 | <Expr>; | Test.kt:27:3:27:3 | <Expr>; |
| Test.kt:43:3:43:3 | <Expr>; | Test.kt:30:3:33:3 | <Expr>; |
| Test.kt:43:3:43:3 | <Expr>; | Test.kt:30:15:33:3 | { ... } |
| Test.kt:43:3:43:3 | <Expr>; | Test.kt:31:4:31:4 | <Expr>; |
| Test.kt:43:3:43:3 | <Expr>; | Test.kt:32:4:32:4 | <Expr>; |
| Test.kt:43:3:43:3 | <Expr>; | Test.kt:35:3:35:3 | <Expr>; |
| Test.kt:43:3:43:3 | <Expr>; | Test.kt:38:3:41:3 | while (...) |
| Test.kt:43:3:43:3 | <Expr>; | Test.kt:38:16:41:3 | { ... } |
| Test.kt:43:3:43:3 | <Expr>; | Test.kt:39:4:39:4 | <Expr>; |
| Test.kt:43:3:43:3 | <Expr>; | Test.kt:40:4:40:4 | <Expr>; |
| Test.kt:43:3:43:3 | <Expr>; | Test.kt:40:4:40:6 | <Expr>; |
| Test.kt:43:3:43:3 | <Expr>; | Test.kt:40:4:40:6 | <Expr>; |
| Test.kt:43:3:43:3 | <Expr>; | Test.kt:40:4:40:6 | { ... } |
| Test.kt:43:3:43:3 | <Expr>; | file://:0:0:0:0 | var ...; |
| Test.kt:73:3:73:3 | <Expr>; | Test.kt:4:13:79:2 | { ... } |
| Test.kt:73:3:73:3 | <Expr>; | Test.kt:5:3:5:16 | var ...; |
| Test.kt:73:3:73:3 | <Expr>; | Test.kt:6:3:6:18 | var ...; |
| Test.kt:73:3:73:3 | <Expr>; | Test.kt:7:3:7:16 | var ...; |
| Test.kt:73:3:73:3 | <Expr>; | Test.kt:8:3:8:16 | var ...; |
| Test.kt:73:3:73:3 | <Expr>; | Test.kt:11:3:16:3 | <Expr>; |
| Test.kt:73:3:73:3 | <Expr>; | Test.kt:11:14:14:3 | { ... } |
| Test.kt:73:3:73:3 | <Expr>; | Test.kt:12:4:12:4 | <Expr>; |
| Test.kt:73:3:73:3 | <Expr>; | Test.kt:13:4:13:4 | <Expr>; |
| Test.kt:73:3:73:3 | <Expr>; | Test.kt:14:10:16:3 | { ... } |
| Test.kt:73:3:73:3 | <Expr>; | Test.kt:15:4:15:4 | <Expr>; |
| Test.kt:73:3:73:3 | <Expr>; | Test.kt:18:3:18:3 | <Expr>; |
| Test.kt:73:3:73:3 | <Expr>; | Test.kt:21:3:24:9 | <Expr>; |
| Test.kt:73:3:73:3 | <Expr>; | Test.kt:22:4:22:4 | <Expr>; |
| Test.kt:73:3:73:3 | <Expr>; | Test.kt:27:3:27:3 | <Expr>; |
| Test.kt:73:3:73:3 | <Expr>; | Test.kt:30:3:33:3 | <Expr>; |
| Test.kt:73:3:73:3 | <Expr>; | Test.kt:30:15:33:3 | { ... } |
| Test.kt:73:3:73:3 | <Expr>; | Test.kt:31:4:31:4 | <Expr>; |
| Test.kt:73:3:73:3 | <Expr>; | Test.kt:32:4:32:4 | <Expr>; |
| Test.kt:73:3:73:3 | <Expr>; | Test.kt:35:3:35:3 | <Expr>; |
| Test.kt:73:3:73:3 | <Expr>; | Test.kt:38:3:41:3 | while (...) |
| Test.kt:73:3:73:3 | <Expr>; | Test.kt:38:16:41:3 | { ... } |
| Test.kt:73:3:73:3 | <Expr>; | Test.kt:39:4:39:4 | <Expr>; |
| Test.kt:73:3:73:3 | <Expr>; | Test.kt:40:4:40:4 | <Expr>; |
| Test.kt:73:3:73:3 | <Expr>; | Test.kt:40:4:40:6 | <Expr>; |
| Test.kt:73:3:73:3 | <Expr>; | Test.kt:40:4:40:6 | <Expr>; |
| Test.kt:73:3:73:3 | <Expr>; | Test.kt:40:4:40:6 | { ... } |
| Test.kt:73:3:73:3 | <Expr>; | Test.kt:43:3:43:3 | <Expr>; |
| Test.kt:73:3:73:3 | <Expr>; | file://:0:0:0:0 | var ...; |
| Test.kt:77:3:77:3 | <Expr>; | Test.kt:4:13:79:2 | { ... } |
| Test.kt:77:3:77:3 | <Expr>; | Test.kt:5:3:5:16 | var ...; |
| Test.kt:77:3:77:3 | <Expr>; | Test.kt:6:3:6:18 | var ...; |
| Test.kt:77:3:77:3 | <Expr>; | Test.kt:7:3:7:16 | var ...; |
| Test.kt:77:3:77:3 | <Expr>; | Test.kt:8:3:8:16 | var ...; |
| Test.kt:77:3:77:3 | <Expr>; | Test.kt:11:3:16:3 | <Expr>; |
| Test.kt:77:3:77:3 | <Expr>; | Test.kt:11:14:14:3 | { ... } |
| Test.kt:77:3:77:3 | <Expr>; | Test.kt:12:4:12:4 | <Expr>; |
| Test.kt:77:3:77:3 | <Expr>; | Test.kt:13:4:13:4 | <Expr>; |
| Test.kt:77:3:77:3 | <Expr>; | Test.kt:14:10:16:3 | { ... } |
| Test.kt:77:3:77:3 | <Expr>; | Test.kt:15:4:15:4 | <Expr>; |
| Test.kt:77:3:77:3 | <Expr>; | Test.kt:18:3:18:3 | <Expr>; |
| Test.kt:77:3:77:3 | <Expr>; | Test.kt:21:3:24:9 | <Expr>; |
| Test.kt:77:3:77:3 | <Expr>; | Test.kt:22:4:22:4 | <Expr>; |
| Test.kt:77:3:77:3 | <Expr>; | Test.kt:27:3:27:3 | <Expr>; |
| Test.kt:77:3:77:3 | <Expr>; | Test.kt:30:3:33:3 | <Expr>; |
| Test.kt:77:3:77:3 | <Expr>; | Test.kt:30:15:33:3 | { ... } |
| Test.kt:77:3:77:3 | <Expr>; | Test.kt:31:4:31:4 | <Expr>; |
| Test.kt:77:3:77:3 | <Expr>; | Test.kt:32:4:32:4 | <Expr>; |
| Test.kt:77:3:77:3 | <Expr>; | Test.kt:35:3:35:3 | <Expr>; |
| Test.kt:77:3:77:3 | <Expr>; | Test.kt:38:3:41:3 | while (...) |
| Test.kt:77:3:77:3 | <Expr>; | Test.kt:38:16:41:3 | { ... } |
| Test.kt:77:3:77:3 | <Expr>; | Test.kt:39:4:39:4 | <Expr>; |
| Test.kt:77:3:77:3 | <Expr>; | Test.kt:40:4:40:4 | <Expr>; |
| Test.kt:77:3:77:3 | <Expr>; | Test.kt:40:4:40:6 | <Expr>; |
| Test.kt:77:3:77:3 | <Expr>; | Test.kt:40:4:40:6 | <Expr>; |
| Test.kt:77:3:77:3 | <Expr>; | Test.kt:40:4:40:6 | { ... } |
| Test.kt:77:3:77:3 | <Expr>; | Test.kt:43:3:43:3 | <Expr>; |
| Test.kt:77:3:77:3 | <Expr>; | Test.kt:73:3:73:3 | <Expr>; |
| Test.kt:77:3:77:3 | <Expr>; | file://:0:0:0:0 | var ...; |
| Test.kt:78:3:78:8 | return ... | Test.kt:4:13:79:2 | { ... } |
| Test.kt:78:3:78:8 | return ... | Test.kt:5:3:5:16 | var ...; |
| Test.kt:78:3:78:8 | return ... | Test.kt:6:3:6:18 | var ...; |
| Test.kt:78:3:78:8 | return ... | Test.kt:7:3:7:16 | var ...; |
| Test.kt:78:3:78:8 | return ... | Test.kt:8:3:8:16 | var ...; |
| Test.kt:78:3:78:8 | return ... | Test.kt:11:3:16:3 | <Expr>; |
| Test.kt:78:3:78:8 | return ... | Test.kt:11:14:14:3 | { ... } |
| Test.kt:78:3:78:8 | return ... | Test.kt:12:4:12:4 | <Expr>; |
| Test.kt:78:3:78:8 | return ... | Test.kt:13:4:13:4 | <Expr>; |
| Test.kt:78:3:78:8 | return ... | Test.kt:14:10:16:3 | { ... } |
| Test.kt:78:3:78:8 | return ... | Test.kt:15:4:15:4 | <Expr>; |
| Test.kt:78:3:78:8 | return ... | Test.kt:18:3:18:3 | <Expr>; |
| Test.kt:78:3:78:8 | return ... | Test.kt:21:3:24:9 | <Expr>; |
| Test.kt:78:3:78:8 | return ... | Test.kt:22:4:22:4 | <Expr>; |
| Test.kt:78:3:78:8 | return ... | Test.kt:27:3:27:3 | <Expr>; |
| Test.kt:78:3:78:8 | return ... | Test.kt:30:3:33:3 | <Expr>; |
| Test.kt:78:3:78:8 | return ... | Test.kt:30:15:33:3 | { ... } |
| Test.kt:78:3:78:8 | return ... | Test.kt:31:4:31:4 | <Expr>; |
| Test.kt:78:3:78:8 | return ... | Test.kt:32:4:32:4 | <Expr>; |
| Test.kt:78:3:78:8 | return ... | Test.kt:35:3:35:3 | <Expr>; |
| Test.kt:78:3:78:8 | return ... | Test.kt:38:3:41:3 | while (...) |
| Test.kt:78:3:78:8 | return ... | Test.kt:38:16:41:3 | { ... } |
| Test.kt:78:3:78:8 | return ... | Test.kt:39:4:39:4 | <Expr>; |
| Test.kt:78:3:78:8 | return ... | Test.kt:40:4:40:4 | <Expr>; |
| Test.kt:78:3:78:8 | return ... | Test.kt:40:4:40:6 | <Expr>; |
| Test.kt:78:3:78:8 | return ... | Test.kt:40:4:40:6 | <Expr>; |
| Test.kt:78:3:78:8 | return ... | Test.kt:40:4:40:6 | { ... } |
| Test.kt:78:3:78:8 | return ... | Test.kt:43:3:43:3 | <Expr>; |
| Test.kt:78:3:78:8 | return ... | Test.kt:73:3:73:3 | <Expr>; |
| Test.kt:78:3:78:8 | return ... | Test.kt:77:3:77:3 | <Expr>; |
| Test.kt:78:3:78:8 | return ... | file://:0:0:0:0 | var ...; |
| Test.kt:83:2:88:2 | try ... | Test.kt:82:21:89:1 | { ... } |
| Test.kt:83:6:86:2 | { ... } | Test.kt:82:21:89:1 | { ... } |
| Test.kt:83:6:86:2 | { ... } | Test.kt:83:2:88:2 | try ... |
| Test.kt:84:3:84:18 | var ...; | Test.kt:82:21:89:1 | { ... } |
| Test.kt:84:3:84:18 | var ...; | Test.kt:83:2:88:2 | try ... |
| Test.kt:84:3:84:18 | var ...; | Test.kt:83:6:86:2 | { ... } |
| Test.kt:86:34:88:2 | { ... } | file://:0:0:0:0 | catch (...) |
| Test.kt:87:3:87:10 | return ... | Test.kt:86:34:88:2 | { ... } |
| Test.kt:87:3:87:10 | return ... | file://:0:0:0:0 | catch (...) |
| Test.kt:92:2:97:2 | try ... | Test.kt:91:22:98:1 | { ... } |
| Test.kt:92:6:95:2 | { ... } | Test.kt:91:22:98:1 | { ... } |
| Test.kt:92:6:95:2 | { ... } | Test.kt:92:2:97:2 | try ... |
| Test.kt:93:3:93:13 | var ...; | Test.kt:91:22:98:1 | { ... } |
| Test.kt:93:3:93:13 | var ...; | Test.kt:92:2:97:2 | try ... |
| Test.kt:93:3:93:13 | var ...; | Test.kt:92:6:95:2 | { ... } |
| Test.kt:95:36:97:2 | { ... } | file://:0:0:0:0 | catch (...) |
| Test.kt:96:3:96:10 | return ... | Test.kt:95:36:97:2 | { ... } |
| Test.kt:96:3:96:10 | return ... | file://:0:0:0:0 | catch (...) |
| file://:0:0:0:0 | var ...; | Test.kt:38:16:41:3 | { ... } |
| file://:0:0:0:0 | var ...; | Test.kt:39:4:39:4 | <Expr>; |
| file://:0:0:0:0 | var ...; | Test.kt:40:4:40:6 | <Expr>; |
| file://:0:0:0:0 | var ...; | Test.kt:40:4:40:6 | { ... } |
