| methods2.kt:0:0:0:0 | <init> |
| methods2.kt:0:0:0:0 | equals |
| methods2.kt:0:0:0:0 | equals |
| methods2.kt:0:0:0:0 | hashCode |
| methods2.kt:0:0:0:0 | hashCode |
| methods2.kt:0:0:0:0 | toString |
| methods2.kt:0:0:0:0 | toString |
| methods2.kt:4:1:5:1 | fooBarTopLevelMethod |
| methods2.kt:7:1:10:1 | <init> |
| methods2.kt:7:1:10:1 | equals |
| methods2.kt:7:1:10:1 | hashCode |
| methods2.kt:7:1:10:1 | toString |
| methods2.kt:8:5:9:5 | fooBarClassMethod |
| methods.kt:0:0:0:0 | <init> |
| methods.kt:0:0:0:0 | equals |
| methods.kt:0:0:0:0 | equals |
| methods.kt:0:0:0:0 | hashCode |
| methods.kt:0:0:0:0 | hashCode |
| methods.kt:0:0:0:0 | toString |
| methods.kt:0:0:0:0 | toString |
| methods.kt:2:1:3:1 | topLevelMethod |
| methods.kt:5:1:13:1 | <init> |
| methods.kt:5:1:13:1 | equals |
| methods.kt:5:1:13:1 | hashCode |
| methods.kt:5:1:13:1 | toString |
| methods.kt:6:5:7:5 | classMethod |
| methods.kt:9:5:12:5 | anotherClassMethod |
