| methods2.kt:4:1:5:1 | fooBarTopLevelMethod | methods2.kt:4:26:4:31 | x | 0 |
| methods2.kt:4:1:5:1 | fooBarTopLevelMethod | methods2.kt:4:34:4:39 | y | 1 |
| methods2.kt:7:1:10:1 | equals | methods2.kt:7:1:10:1 | other | 0 |
| methods2.kt:8:5:9:5 | fooBarClassMethod | methods2.kt:8:27:8:32 | x | 0 |
| methods2.kt:8:5:9:5 | fooBarClassMethod | methods2.kt:8:35:8:40 | y | 1 |
| methods3.kt:3:1:3:39 | fooBarTopLevelMethod | methods3.kt:3:30:3:35 | x | 0 |
| methods3.kt:5:1:7:1 | equals | methods3.kt:5:1:7:1 | other | 0 |
| methods3.kt:6:5:6:43 | fooBarTopLevelMethod | methods3.kt:6:34:6:39 | x | 0 |
| methods.kt:2:1:3:1 | topLevelMethod | methods.kt:2:20:2:25 | x | 0 |
| methods.kt:2:1:3:1 | topLevelMethod | methods.kt:2:28:2:33 | y | 1 |
| methods.kt:5:1:13:1 | equals | methods.kt:5:1:13:1 | other | 0 |
| methods.kt:6:5:7:5 | classMethod | methods.kt:6:21:6:26 | x | 0 |
| methods.kt:6:5:7:5 | classMethod | methods.kt:6:29:6:34 | y | 1 |
| methods.kt:9:5:12:5 | anotherClassMethod | methods.kt:9:28:9:33 | a | 0 |
| methods.kt:9:5:12:5 | anotherClassMethod | methods.kt:9:36:9:41 | b | 1 |
