| variables.kt:2:1:8:1 | other | file://:0:0:0:0 | Any | file://:0:0:0:0 | <none> |
| variables.kt:3:5:3:21 | prop | file://:0:0:0:0 | int | file://:0:0:0:0 | <none> |
| variables.kt:5:20:5:29 | param | file://:0:0:0:0 | int | file://:0:0:0:0 | <none> |
| variables.kt:6:9:6:25 | int local | file://:0:0:0:0 | int | variables.kt:6:21:6:25 | ... + ... |
| variables.kt:10:1:10:21 | topLevel | file://:0:0:0:0 | int | file://:0:0:0:0 | <none> |
| variables.kt:12:1:15:1 | other | file://:0:0:0:0 | Any | file://:0:0:0:0 | <none> |
| variables.kt:16:1:34:1 | other | file://:0:0:0:0 | Any | file://:0:0:0:0 | <none> |
| variables.kt:16:11:16:18 | o | variables.kt:12:1:15:1 | C1 | file://:0:0:0:0 | <none> |
| variables.kt:16:11:16:18 | o | variables.kt:12:1:15:1 | C1 | file://:0:0:0:0 | <none> |
| variables.kt:36:1:45:1 | other | file://:0:0:0:0 | Any | file://:0:0:0:0 | <none> |
| variables.kt:38:11:44:5 | other | file://:0:0:0:0 | Any | file://:0:0:0:0 | <none> |
