| exprs.kt:6:14:6:18 | ... + ... | exprs.kt:6:14:6:14 | x | exprs.kt:6:18:6:18 | y |
| exprs.kt:7:14:7:18 | ... - ... | exprs.kt:7:14:7:14 | x | exprs.kt:7:18:7:18 | y |
| exprs.kt:8:14:8:18 | ... / ... | exprs.kt:8:14:8:14 | x | exprs.kt:8:18:8:18 | y |
| exprs.kt:9:14:9:18 | ... % ... | exprs.kt:9:14:9:14 | x | exprs.kt:9:18:9:18 | y |
| exprs.kt:17:15:17:20 | ... == ... | exprs.kt:17:15:17:15 | x | exprs.kt:17:20:17:20 | y |
| exprs.kt:18:15:18:20 | ... != ... | exprs.kt:18:15:18:15 | x | exprs.kt:18:20:18:20 | y |
| exprs.kt:19:15:19:19 | ... < ... | exprs.kt:19:15:19:15 | x | exprs.kt:19:19:19:19 | y |
| exprs.kt:20:15:20:20 | ... <= ... | exprs.kt:20:15:20:15 | x | exprs.kt:20:20:20:20 | y |
| exprs.kt:21:15:21:19 | ... > ... | exprs.kt:21:15:21:15 | x | exprs.kt:21:19:21:19 | y |
| exprs.kt:22:15:22:20 | ... >= ... | exprs.kt:22:15:22:15 | x | exprs.kt:22:20:22:20 | y |
| exprs.kt:23:15:23:21 | ... == ... | exprs.kt:23:15:23:15 | x | exprs.kt:23:21:23:21 | y |
| exprs.kt:24:15:24:21 | ... != ... | exprs.kt:24:15:24:15 | x | exprs.kt:24:21:24:21 | y |
| exprs.kt:31:14:31:21 | ... == ... | exprs.kt:31:14:31:15 | dx | exprs.kt:31:20:31:21 | dy |
| exprs.kt:32:14:32:21 | ... != ... | exprs.kt:32:14:32:15 | dx | exprs.kt:32:20:32:21 | dy |
| exprs.kt:51:16:51:26 | ... + ... | exprs.kt:51:16:51:19 | str1 | exprs.kt:51:23:51:26 | str2 |
| exprs.kt:54:12:54:23 | ... > ... | exprs.kt:54:12:54:19 | variable | exprs.kt:54:23:54:23 | 0 |
| exprs.kt:58:12:58:20 | ... + ... | exprs.kt:58:12:58:14 | 123 | exprs.kt:58:18:58:20 | 456 |
| exprs.kt:84:8:84:16 | ... != ... | exprs.kt:84:8:84:8 | r | exprs.kt:84:13:84:16 | null |
