| funcExprs.kt:14:26:14:33 | ...->... | stmt body | funcExprs.kt:14:26:14:33 | invoke | invoke() | funcExprs.kt:14:26:14:33 | new Function0<Integer>(...) { ... } |
| funcExprs.kt:15:26:15:33 | ...->... | stmt body | funcExprs.kt:15:26:15:33 | invoke | invoke() | funcExprs.kt:15:26:15:33 | new Function0<Object>(...) { ... } |
| funcExprs.kt:16:26:16:33 | ...->... | stmt body | funcExprs.kt:16:26:16:33 | invoke | invoke() | funcExprs.kt:16:26:16:33 | new Function0<Object>(...) { ... } |
| funcExprs.kt:17:29:17:38 | ...->... | stmt body | funcExprs.kt:17:29:17:38 | invoke | invoke(int) | funcExprs.kt:17:29:17:38 | new Function1<Integer,Integer>(...) { ... } |
| funcExprs.kt:18:29:18:34 | ...->... | stmt body | funcExprs.kt:18:29:18:34 | invoke | invoke(int) | funcExprs.kt:18:29:18:34 | new Function1<Integer,Integer>(...) { ... } |
| funcExprs.kt:19:29:19:42 | ...->... | stmt body | funcExprs.kt:19:29:19:42 | invoke | invoke(int) | funcExprs.kt:19:29:19:42 | new Function1<Integer,Integer>(...) { ... } |
| funcExprs.kt:21:29:21:37 | ...->... | stmt body | funcExprs.kt:21:29:21:37 | invoke | invoke(java.lang.Object) | funcExprs.kt:21:29:21:37 | new Function1<Object,Object>(...) { ... } |
| funcExprs.kt:22:28:22:50 | ...->... | stmt body | funcExprs.kt:22:28:22:50 | invoke | invoke(int,int) | funcExprs.kt:22:28:22:50 | new Function2<Integer,Integer,Integer>(...) { ... } |
| funcExprs.kt:23:28:23:40 | ...->... | stmt body | funcExprs.kt:23:28:23:40 | invoke | invoke(int,int) | funcExprs.kt:23:28:23:40 | new Function2<Integer,Integer,Integer>(...) { ... } |
| funcExprs.kt:24:28:24:44 | ...->... | stmt body | funcExprs.kt:24:28:24:44 | invoke | invoke(int,int) | funcExprs.kt:24:28:24:44 | new Function2<Integer,Integer,Integer>(...) { ... } |
| funcExprs.kt:25:28:25:51 | ...->... | stmt body | funcExprs.kt:25:28:25:51 | invoke | invoke(int) | funcExprs.kt:25:28:25:51 | new Function1<Integer,Function1<Integer,Double>>(...) { ... } |
| funcExprs.kt:25:37:25:47 | ...->... | stmt body | funcExprs.kt:25:37:25:47 | invoke | invoke(int) | funcExprs.kt:25:37:25:47 | new Function1<Integer,Double>(...) { ... } |
| funcExprs.kt:27:29:27:112 | ...->... | stmt body | funcExprs.kt:27:29:27:112 | invoke | invoke(int,int,int,int,int,int,int,int,int,int,int,int,int,int,int,int,int,int,int,int,int,int) | funcExprs.kt:27:29:27:112 | new Function22<Integer,Integer,Integer,Integer,Integer,Integer,Integer,Integer,Integer,Integer,Integer,Integer,Integer,Integer,Integer,Integer,Integer,Integer,Integer,Integer,Integer,Integer,Unit>(...) { ... } |
| funcExprs.kt:28:29:28:117 | ...->... | stmt body | funcExprs.kt:28:29:28:117 | invoke | invoke(int,int,int,int,int,int,int,int,int,int,int,int,int,int,int,int,int,int,int,int,int,int,int) | funcExprs.kt:28:29:28:117 | new FunctionN<String>(...) { ... } |
| funcExprs.kt:28:29:28:117 | ...->... | stmt body | funcExprs.kt:28:29:28:117 | invoke | invoke(java.lang.Object[]) | funcExprs.kt:28:29:28:117 | new FunctionN<String>(...) { ... } |
