| exprs.kt:199:19:199:20 | ...!! | exprs.kt:199:18:199:18 | x |
| exprs.kt:208:20:208:21 | ...!! | exprs.kt:208:19:208:19 | s |
| exprs.kt:209:20:209:21 | ...!! | exprs.kt:209:19:209:19 | s |
