| file://:0:0:0:0 | boolean | PrimitiveType |
| file://:0:0:0:0 | byte | PrimitiveType |
| file://:0:0:0:0 | char | PrimitiveType |
| file://:0:0:0:0 | double | PrimitiveType |
| file://:0:0:0:0 | float | PrimitiveType |
| file://:0:0:0:0 | int | PrimitiveType |
| file://:0:0:0:0 | long | PrimitiveType |
| file://:0:0:0:0 | short | PrimitiveType |
| file://:0:0:0:0 | string | ??? |
| types.kt:2:1:33:1 | Foo | Class |
