| TestClassA.kt:2:1:3:1 | TestClassA |
| TestClassA.kt:2:1:3:1 | TestClassA<TestClassAUser> |
| TestClassAUser.kt:0:0:0:0 | TestClassAUserKt |
| TestClassAUser.kt:15:1:15:24 | TestClassAUser |
