| companion_objects.kt:3:5:5:5 | MyClassCompanion | companion_objects.kt:9:5:9:11 | MyClassCompanion |
