| extensions.kt:2:1:4:1 | <obinit> | file://<external>/Unit.class:0:0:0:0 | Unit |
| extensions.kt:3:5:3:28 | someClassMethod | file://:0:0:0:0 | void |
| extensions.kt:5:1:7:1 | <obinit> | file://<external>/Unit.class:0:0:0:0 | Unit |
| extensions.kt:6:5:6:31 | anotherClassMethod | file://:0:0:0:0 | void |
| extensions.kt:9:1:9:26 | someFun | file://:0:0:0:0 | void |
| extensions.kt:10:1:10:32 | anotherFun | file://:0:0:0:0 | void |
| extensions.kt:12:1:12:26 | bothFun | file://:0:0:0:0 | void |
| extensions.kt:13:1:13:29 | bothFun | file://:0:0:0:0 | void |
| extensions.kt:15:1:15:50 | bothFunDiffTypes | file://:0:0:0:0 | int |
| extensions.kt:16:1:16:60 | bothFunDiffTypes | file://<external>/String.class:0:0:0:0 | String |
