| this.kt:2:1:53:1 | <obinit>(...) | this.kt:2:1:53:1 | <obinit> |
| this.kt:2:1:53:1 | super(...) | file://:0:0:0:0 | Any |
| this.kt:3:5:48:5 | <obinit>(...) | this.kt:3:5:48:5 | <obinit> |
| this.kt:3:5:48:5 | super(...) | file://:0:0:0:0 | Any |
| this.kt:31:13:31:25 | topLevelFun(...) | this.kt:54:1:54:20 | topLevelFun |
| this.kt:32:13:32:22 | outerFun(...) | this.kt:49:5:49:21 | outerFun |
| this.kt:33:13:33:22 | innerFun(...) | this.kt:44:9:44:25 | innerFun |
| this.kt:34:13:34:30 | topLevelOuterFun(...) | this.kt:50:5:50:29 | topLevelOuterFun |
| this.kt:35:13:35:30 | topLevelInnerFun(...) | this.kt:45:9:45:33 | topLevelInnerFun |
| this.kt:36:13:36:27 | outerInnerFun(...) | this.kt:46:9:46:30 | outerInnerFun |
| this.kt:37:13:37:35 | topLevelOuterInnerFun(...) | this.kt:47:9:47:38 | topLevelOuterInnerFun |
| this.kt:38:18:38:27 | innerFun(...) | this.kt:44:9:44:25 | innerFun |
| this.kt:39:18:39:35 | topLevelInnerFun(...) | this.kt:45:9:45:33 | topLevelInnerFun |
| this.kt:40:18:40:32 | outerInnerFun(...) | this.kt:46:9:46:30 | outerInnerFun |
| this.kt:41:18:41:40 | topLevelOuterInnerFun(...) | this.kt:47:9:47:38 | topLevelOuterInnerFun |
| this.kt:59:1:60:1 | <obinit>(...) | this.kt:59:1:60:1 | <obinit> |
| this.kt:59:1:60:1 | super(...) | file://:0:0:0:0 | Any |
